Windows PowerShell
版权所有 (C) 2016 Microsoft Corporation。保留所有权利。

PS C:\Users\刘君>   d:
PS D:\> cd D:\Python\Python3.6.0\Lib\site-packages\tensorflow\examples\tutorials\mnist
PS D:\Python\Python3.6.0\Lib\site-packages\tensorflow\examples\tutorials\mnist> python .\mnist_with_summaries.py
Traceback (most recent call last):
  File ".\mnist_with_summaries.py", line 205, in <module>
    tf.app.run(main=main, argv=[sys.argv[0]] + unparsed)
  File "D:\Python\Python3.6.0\lib\site-packages\tensorflow\python\platform\app.py", line 43, in run
    sys.exit(main(sys.argv[:1] + flags_passthrough))
  File ".\mnist_with_summaries.py", line 186, in main
    train()
  File ".\mnist_with_summaries.py", line 41, in train
    fake_data=FLAGS.fake_data)
  File "D:\Python\Python3.6.0\lib\site-packages\tensorflow\contrib\learn\python\learn\datasets\mnist.py", line 211, in r
ead_data_sets
    SOURCE_URL + TRAIN_IMAGES)
  File "D:\Python\Python3.6.0\lib\site-packages\tensorflow\contrib\learn\python\learn\datasets\base.py", line 210, in ma
ybe_download
    temp_file_name, _ = urlretrieve_with_retry(source_url)
  File "D:\Python\Python3.6.0\lib\site-packages\tensorflow\contrib\learn\python\learn\datasets\base.py", line 165, in wr
apped_fn
    return fn(*args, **kwargs)
  File "D:\Python\Python3.6.0\lib\site-packages\tensorflow\contrib\learn\python\learn\datasets\base.py", line 190, in ur
lretrieve_with_retry
    return urllib.request.urlretrieve(url, filename)
  File "D:\Python\Python3.6.0\lib\urllib\request.py", line 277, in urlretrieve
    block = fp.read(bs)
  File "D:\Python\Python3.6.0\lib\http\client.py", line 449, in read
    n = self.readinto(b)
  File "D:\Python\Python3.6.0\lib\http\client.py", line 493, in readinto
    n = self.fp.readinto(b)
  File "D:\Python\Python3.6.0\lib\socket.py", line 586, in readinto
    return self._sock.recv_into(b)
KeyboardInterrupt
PS D:\Python\Python3.6.0\Lib\site-packages\tensorflow\examples\tutorials\mnist> python .\mnist_softmax.py
Extracting H:\Testing Software\ML\MNIST_data\train-images-idx3-ubyte.gz
Extracting H:\Testing Software\ML\MNIST_data\train-labels-idx1-ubyte.gz
Extracting H:\Testing Software\ML\MNIST_data\t10k-images-idx3-ubyte.gz
Extracting H:\Testing Software\ML\MNIST_data\t10k-labels-idx1-ubyte.gz
0.912
PS D:\Python\Python3.6.0\Lib\site-packages\tensorflow\examples\tutorials\mnist> python .\mnist_with_summaries.py
Traceback (most recent call last):
  File ".\mnist_with_summaries.py", line 208, in <module>
    tf.app.run(main=main, argv=[sys.argv[0]] + unparsed)
  File "D:\Python\Python3.6.0\lib\site-packages\tensorflow\python\platform\app.py", line 43, in run
    sys.exit(main(sys.argv[:1] + flags_passthrough))
  File ".\mnist_with_summaries.py", line 186, in main
    train()
  File ".\mnist_with_summaries.py", line 41, in train
    fake_data=FLAGS.fake_data)
  File "D:\Python\Python3.6.0\lib\site-packages\tensorflow\contrib\learn\python\learn\datasets\mnist.py", line 211, in r
ead_data_sets
    SOURCE_URL + TRAIN_IMAGES)
  File "D:\Python\Python3.6.0\lib\site-packages\tensorflow\contrib\learn\python\learn\datasets\base.py", line 211, in ma
ybe_download
    gfile.Copy(temp_file_name, filepath)
  File "D:\Python\Python3.6.0\lib\site-packages\tensorflow\python\lib\io\file_io.py", line 316, in copy
    compat.as_bytes(oldpath), compat.as_bytes(newpath), overwrite, status)
  File "D:\Python\Python3.6.0\lib\contextlib.py", line 89, in __exit__
    next(self.gen)
  File "D:\Python\Python3.6.0\lib\site-packages\tensorflow\python\framework\errors_impl.py", line 469, in raise_exceptio
n_on_not_ok_status
    pywrap_tensorflow.TF_GetCode(status))
tensorflow.python.framework.errors_impl.NotFoundError: Can not get size for: C:\Users\刘君\AppData\Local\Temp\tmpbobvbde
l : ??\udcd5?\udcbb\udcb5\udcbd?\udcb6\udca8\udcb5\udcc4・\udcbe\udcb6\udca1\udca3

PS D:\Python\Python3.6.0\Lib\site-packages\tensorflow\examples\tutorials\mnist> python .\mnist_with_summaries.py
Traceback (most recent call last):
  File ".\mnist_with_summaries.py", line 208, in <module>
    tf.app.run(main=main, argv=[sys.argv[0]] + unparsed)
  File "D:\Python\Python3.6.0\lib\site-packages\tensorflow\python\platform\app.py", line 43, in run
    sys.exit(main(sys.argv[:1] + flags_passthrough))
  File ".\mnist_with_summaries.py", line 186, in main
    train()
  File ".\mnist_with_summaries.py", line 41, in train
    fake_data=FLAGS.fake_data)
  File "D:\Python\Python3.6.0\lib\site-packages\tensorflow\contrib\learn\python\learn\datasets\mnist.py", line 211, in r
ead_data_sets
    SOURCE_URL + TRAIN_IMAGES)
  File "D:\Python\Python3.6.0\lib\site-packages\tensorflow\contrib\learn\python\learn\datasets\base.py", line 210, in ma
ybe_download
    temp_file_name, _ = urlretrieve_with_retry(source_url)
  File "D:\Python\Python3.6.0\lib\site-packages\tensorflow\contrib\learn\python\learn\datasets\base.py", line 165, in wr
apped_fn
    return fn(*args, **kwargs)
  File "D:\Python\Python3.6.0\lib\site-packages\tensorflow\contrib\learn\python\learn\datasets\base.py", line 190, in ur
lretrieve_with_retry
    return urllib.request.urlretrieve(url, filename)
  File "D:\Python\Python3.6.0\lib\urllib\request.py", line 277, in urlretrieve
    block = fp.read(bs)
  File "D:\Python\Python3.6.0\lib\http\client.py", line 449, in read
    n = self.readinto(b)
  File "D:\Python\Python3.6.0\lib\http\client.py", line 493, in readinto
    n = self.fp.readinto(b)
  File "D:\Python\Python3.6.0\lib\socket.py", line 586, in readinto
    return self._sock.recv_into(b)
KeyboardInterrupt
PS D:\Python\Python3.6.0\Lib\site-packages\tensorflow\examples\tutorials\mnist> ^C
PS D:\Python\Python3.6.0\Lib\site-packages\tensorflow\examples\tutorials\mnist> python .\mnist_with_summaries.py
>>
Extracting H:\Testing Software\ML\MNIST_data\train-images-idx3-ubyte.gz
Extracting H:\Testing Software\ML\MNIST_data\train-labels-idx1-ubyte.gz
Extracting H:\Testing Software\ML\MNIST_data\t10k-images-idx3-ubyte.gz
Extracting H:\Testing Software\ML\MNIST_data\t10k-labels-idx1-ubyte.gz
WARNING:tensorflow:From .\mnist_with_summaries.py:141 in train.: SummaryWriter.__init__ (from tensorflow.python.training
.summary_io) is deprecated and will be removed after 2016-11-30.
Instructions for updating:
Please switch to tf.summary.FileWriter. The interface and behavior is the same; this is just a rename.
WARNING:tensorflow:From .\mnist_with_summaries.py:142 in train.: SummaryWriter.__init__ (from tensorflow.python.training
.summary_io) is deprecated and will be removed after 2016-11-30.
Instructions for updating:
Please switch to tf.summary.FileWriter. The interface and behavior is the same; this is just a rename.
Accuracy at step 0: 0.1148
Accuracy at step 10: 0.6245
Accuracy at step 20: 0.7843
Accuracy at step 30: 0.8503
Accuracy at step 40: 0.874
Accuracy at step 50: 0.8755
Accuracy at step 60: 0.8867
Accuracy at step 70: 0.8876
Accuracy at step 80: 0.8928
Accuracy at step 90: 0.8939
Adding run metadata for 99
Accuracy at step 100: 0.9032
Accuracy at step 110: 0.9152
Accuracy at step 120: 0.917
Accuracy at step 130: 0.9195
Accuracy at step 140: 0.9264
Accuracy at step 150: 0.9202
Accuracy at step 160: 0.9271
Accuracy at step 170: 0.9265
Accuracy at step 180: 0.9226
Accuracy at step 190: 0.926
Adding run metadata for 199
Accuracy at step 200: 0.9304
Accuracy at step 210: 0.9338
Accuracy at step 220: 0.9341
Accuracy at step 230: 0.9345
Accuracy at step 240: 0.9353
Accuracy at step 250: 0.9313
Accuracy at step 260: 0.9371
Accuracy at step 270: 0.938
Accuracy at step 280: 0.9348
Accuracy at step 290: 0.9396
Adding run metadata for 299
Accuracy at step 300: 0.9455
Accuracy at step 310: 0.9414
Accuracy at step 320: 0.9415
Accuracy at step 330: 0.9435
Accuracy at step 340: 0.9467
Accuracy at step 350: 0.9464
Accuracy at step 360: 0.9409
Accuracy at step 370: 0.9444
Accuracy at step 380: 0.9475
Accuracy at step 390: 0.949
Adding run metadata for 399
Accuracy at step 400: 0.9448
Accuracy at step 410: 0.9456
Accuracy at step 420: 0.9466
Accuracy at step 430: 0.9447
Accuracy at step 440: 0.9511
Accuracy at step 450: 0.951
Accuracy at step 460: 0.9527
Accuracy at step 470: 0.9517
Accuracy at step 480: 0.9523
Accuracy at step 490: 0.9521
Adding run metadata for 499
Accuracy at step 500: 0.9555
Accuracy at step 510: 0.9536
Accuracy at step 520: 0.9496
Accuracy at step 530: 0.956
Accuracy at step 540: 0.9558
Accuracy at step 550: 0.9545
Accuracy at step 560: 0.9551
Accuracy at step 570: 0.9578
Accuracy at step 580: 0.9569
Accuracy at step 590: 0.9561
Adding run metadata for 599
Accuracy at step 600: 0.9571
Accuracy at step 610: 0.9518
Accuracy at step 620: 0.9573
Accuracy at step 630: 0.9569
Accuracy at step 640: 0.9624
Accuracy at step 650: 0.9586
Accuracy at step 660: 0.9601
Accuracy at step 670: 0.961
Accuracy at step 680: 0.9601
Accuracy at step 690: 0.9639
Adding run metadata for 699
Accuracy at step 700: 0.9629
Accuracy at step 710: 0.9621
Accuracy at step 720: 0.9634
Accuracy at step 730: 0.9637
Accuracy at step 740: 0.9638
Accuracy at step 750: 0.9631
Accuracy at step 760: 0.9624
Accuracy at step 770: 0.9641
Accuracy at step 780: 0.9646
Accuracy at step 790: 0.9646
Adding run metadata for 799
Accuracy at step 800: 0.9637
Accuracy at step 810: 0.9621
Accuracy at step 820: 0.9616
Accuracy at step 830: 0.9626
Accuracy at step 840: 0.9655
Accuracy at step 850: 0.9646
Accuracy at step 860: 0.9642
Accuracy at step 870: 0.9634
Accuracy at step 880: 0.964
Accuracy at step 890: 0.9661
Adding run metadata for 899
Accuracy at step 900: 0.9653
Accuracy at step 910: 0.9671
Accuracy at step 920: 0.9665
Accuracy at step 930: 0.9663
Accuracy at step 940: 0.966
Accuracy at step 950: 0.9654
Accuracy at step 960: 0.9665
Accuracy at step 970: 0.968
Accuracy at step 980: 0.9652
Accuracy at step 990: 0.9687
Adding run metadata for 999
PS D:\Python\Python3.6.0\Lib\site-packages\tensorflow\examples\tutorials\mnist>